Please choose an operation (+/-/$):
Invalid Operation
