Please choose an operation (+/-/$):
Please enter the first operand:
Please enter the second operand:
The Result is: -21
