Please choose an operation (+/-/$):
Please enter the first operand:
Please enter the second operand:
Invalid Number
